Microchip MPLAB XC8 Compiler V3.10

Linker command line:

-W-3 \
  --edf=C:\Program Files\Microchip\xc8\v3.10\pic\dat\20250813170317_en.msgs \
  -cn -h+dist/default/production\lab_03.X.production.sym \
  --cmf=dist/default/production\lab_03.X.production.cmf -z -Q16F13145 \
  -oC:\Users\ESOURCE\AppData\Local\Temp\xcAs6b0.0\driver_tmp_3.o \
  --defsym=__MPLAB_BUILD=1 --fixupoverflow=error \
  -Mdist/default/production/lab_03.X.production.map \
  --md=C:\Users\ESOURCE\AppData\Local\Temp\xcAs6b0.0\driver_tmp_0.dat -E1 \
  -ver=XC8 Compiler -ACODE=00h-07FFhx4 -ASTRCODE=00h-01FFFh \
  -ASTRING=00h-0FFhx32 -ACONST=00h-0FFhx32 -AENTRY=00h-0FFhx32 \
  -ACOMMON=070h-07Fh -ABANK0=020h-06Fh -ABANK1=0A0h-0EFh \
  -ABANK2=0120h-016Fh -ABANK3=01A0h-01EFh -ABANK4=0220h-026Fh \
  -ABANK5=02A0h-02EFh -ABANK6=0320h-036Fh -ABANK7=03A0h-03EFh \
  -ABANK8=0420h-046Fh -ABANK9=04A0h-04EFh -ABANK10=0520h-056Fh \
  -ABANK11=05A0h-05EFh -ABANK12=0620h-064Fh -ABIGRAM=02000h-023EFh \
  -ARAM=020h-06Fh,0A0h-0EFh,0120h-016Fh,01A0h-01EFh,0220h-026Fh,02A0h-02EFh,0320h-036Fh,03A0h-03EFh,0420h-046Fh,04A0h-04EFh,0520h-056Fh,05A0h-05EFh,0620h-064Fh \
  -AABS1=020h-07Fh,0A0h-0EFh,0120h-016Fh,01A0h-01EFh,0220h-026Fh,02A0h-02EFh,0320h-036Fh,03A0h-03EFh,0420h-046Fh,04A0h-04EFh,0520h-056Fh,05A0h-05EFh,0620h-064Fh \
  -ASFR0=00h-01Fh -ASFR1=080h-09Fh -ASFR2=0100h-011Fh -ASFR3=0180h-019Fh \
  -ASFR4=0200h-021Fh -ASFR5=0280h-029Fh -ASFR6=0300h-031Fh \
  -ASFR7=0380h-039Fh -ASFR8=0400h-041Fh -ASFR9=0480h-049Fh \
  -ASFR10=0500h-051Fh -ASFR11=0580h-059Fh -ASFR12=0600h-061Fh \
  -ASFR13=0680h-06EFh -ASFR14=0700h-076Fh -ASFR15=0780h-07EFh \
  -ASFR16=0800h-086Fh -ASFR17=0880h-08EFh -ASFR18=0900h-096Fh \
  -ASFR19=0980h-09EFh -ASFR20=0A00h-0A6Fh -ASFR21=0A80h-0AEFh \
  -ASFR22=0B00h-0B6Fh -ASFR23=0B80h-0BEFh -ASFR24=0C00h-0C6Fh \
  -ASFR25=0C80h-0CEFh -ASFR26=0D00h-0D6Fh -ASFR27=0D80h-0DEFh \
  -ASFR28=0E00h-0E6Fh -ASFR29=0E80h-0EEFh -ASFR30=0F00h-0F6Fh \
  -ASFR31=0F80h-0FEFh -ASFR32=01000h-0106Fh -ASFR33=01080h-010EFh \
  -ASFR34=01100h-0116Fh -ASFR35=01180h-011EFh -ASFR36=01200h-0126Fh \
  -ASFR37=01280h-012EFh -ASFR38=01300h-0136Fh -ASFR39=01380h-013EFh \
  -ASFR40=01400h-0146Fh -ASFR41=01480h-014EFh -ASFR42=01500h-0156Fh \
  -ASFR43=01580h-015EFh -ASFR44=01600h-0166Fh -ASFR45=01680h-016EFh \
  -ASFR46=01700h-0176Fh -ASFR47=01780h-017EFh -ASFR48=01800h-0186Fh \
  -ASFR49=01880h-018EFh -ASFR50=01900h-0196Fh -ASFR51=01980h-019EFh \
  -ASFR52=01A00h-01A6Fh -ASFR53=01A80h-01AEFh -ASFR54=01B00h-01B6Fh \
  -ASFR55=01B80h-01BEFh -ASFR56=01C00h-01C6Fh -ASFR57=01C80h-01CEFh \
  -ASFR58=01D00h-01D6Fh -ASFR59=01D80h-01DEFh -ASFR60=01E00h-01E6Fh \
  -ASFR61=01E80h-01EEFh -ASFR62=01F00h-01F6Fh -ASFR63=01F80h-01FEFh \
  -ACONFIG=08007h-0800Bh -DCONFIG=2 -AIDLOC=08000h-08003h -DIDLOC=2 \
  -DCODE=2 -DSTRCODE=2 -DSTRING=2 -DCONST=2 -DENTRY=2 \
  -preset_vec=00h,intentry,sivt,init,end_init -ppowerup=CODE -pcinit=CODE \
  -pfunctab=ENTRY -k \
  C:\Users\ESOURCE\AppData\Local\Temp\xcAs6b0.0\driver_tmp_12.o \
  dist/default/production\lab_03.X.production.o \
  build/default/production/mcc_generated_files/clb/src/clbBitstream.o 

Object code version is 3.11

Machine type is 16F13145



                Name                               Link     Load   Length Selector   Space Scale
C:\Users\ESOURCE\AppData\Local\Temp\xcAs6b0.0\driver_tmp_12.o
                end_init                              2        2        2        0       0
                reset_vec                             0        0        2        0       0
                config                             8007     8007        5        0       4
dist/default/production\lab_03.X.production.o
                cinit                               7F7      7F7        9      FEE       0
                config                             8007     8007        5        0       4
                text20                              632      632        5      C64       0
                text19                              659      659        A      CB2       0
                text18                              637      637        5      C6E       0
                text17                              63C      63C        5      C78       0
                text16                              6DF      6DF       20      DBE       0
                text15                              6A4      6A4       1C      D48       0
                text14                              647      647        9      C8E       0
                text13                              6FF      6FF       2A      DFE       0
                text12                              641      641        6      C82       0
                text11                              663      663        B      CC6       0
                text10                              628      628        3      C50       0
                text9                               62E      62E        4      C5C       0
                text8                               755      755       3A      EAA       0
                text7                               650      650        9      CA0       0
                text6                               68E      68E       16      D1C       0
                text5                               729      729       2C      E52       0
                text4                               62B      62B        3      C56       0
                text3                               6C0      6C0       1F      D80       0
                text2                               78F      78F       68      F1E       0
                text1                               67B      67B       13      CF6       0
                maintext                            66E      66E        D      CDC       0
                cstackCOMMON                         70       70        B       70       1
                bssBANK0                             20       20        2       20       1
                bssCOMMON                            7B       7B        3       70       1
                stringtext3                         866      866       48     1000       0
                stringtext2                         8CA      8CA        A     1000       0
                stringtext1                         8AE      8AE       1C     1000       0
build/default/production/mcc_generated_files/clb/src/clbBitstream.o
                clb_config                          800      800       66     1000       0

TOTAL           Name                               Link     Load   Length     Space
        CLASS   CODE           
                end_init                              2        2        2         0
                cinit                               7F7      7F7        9         0
                reset_vec                             0        0        2         0
                text20                              632      632        5         0
                text19                              659      659        A         0
                text18                              637      637        5         0
                text17                              63C      63C        5         0
                text16                              6DF      6DF       20         0
                text15                              6A4      6A4       1C         0
                text14                              647      647        9         0
                text13                              6FF      6FF       2A         0
                text12                              641      641        6         0
                text11                              663      663        B         0
                text10                              628      628        3         0
                text9                               62E      62E        4         0
                text8                               755      755       3A         0
                text7                               650      650        9         0
                text6                               68E      68E       16         0
                text5                               729      729       2C         0
                text4                               62B      62B        3         0
                text3                               6C0      6C0       1F         0
                text2                               78F      78F       68         0
                text1                               67B      67B       13         0
                maintext                            66E      66E        D         0

        CLASS   STRCODE        
                stringtext3                         866      866       48         0
                stringtext2                         8CA      8CA        A         0
                stringtext1                         8AE      8AE       1C         0
                clb_config                          800      800       66         0

        CLASS   STRING         

        CLASS   CONST          

        CLASS   ENTRY          

        CLASS   COMMON         
                cstackCOMMON                         70       70        B         1
                bssCOMMON                            7B       7B        3         1

        CLASS   BANK0          
                bssBANK0                             20       20        2         1

        CLASS   BANK1          

        CLASS   BANK2          

        CLASS   BANK3          

        CLASS   BANK4          

        CLASS   BANK5          

        CLASS   BANK6          

        CLASS   BANK7          

        CLASS   BANK8          

        CLASS   BANK9          

        CLASS   BANK10         

        CLASS   BANK11         

        CLASS   BANK12         

        CLASS   BIGRAM         

        CLASS   RAM            

        CLASS   ABS1           
                abs_s1                               7E       7E        2         1

        CLASS   SFR0           

        CLASS   SFR1           

        CLASS   SFR2           

        CLASS   SFR3           

        CLASS   SFR4           

        CLASS   SFR5           

        CLASS   SFR6           

        CLASS   SFR7           

        CLASS   SFR8           

        CLASS   SFR9           

        CLASS   SFR10          

        CLASS   SFR11          

        CLASS   SFR12          

        CLASS   SFR13          

        CLASS   SFR14          

        CLASS   SFR15          

        CLASS   SFR16          

        CLASS   SFR17          

        CLASS   SFR18          

        CLASS   SFR19          

        CLASS   SFR20          

        CLASS   SFR21          

        CLASS   SFR22          

        CLASS   SFR23          

        CLASS   SFR24          

        CLASS   SFR25          

        CLASS   SFR26          

        CLASS   SFR27          

        CLASS   SFR28          

        CLASS   SFR29          

        CLASS   SFR30          

        CLASS   SFR31          

        CLASS   SFR32          

        CLASS   SFR33          

        CLASS   SFR34          

        CLASS   SFR35          

        CLASS   SFR36          

        CLASS   SFR37          

        CLASS   SFR38          

        CLASS   SFR39          

        CLASS   SFR40          

        CLASS   SFR41          

        CLASS   SFR42          

        CLASS   SFR43          

        CLASS   SFR44          

        CLASS   SFR45          

        CLASS   SFR46          

        CLASS   SFR47          

        CLASS   SFR48          

        CLASS   SFR49          

        CLASS   SFR50          

        CLASS   SFR51          

        CLASS   SFR52          

        CLASS   SFR53          

        CLASS   SFR54          

        CLASS   SFR55          

        CLASS   SFR56          

        CLASS   SFR57          

        CLASS   SFR58          

        CLASS   SFR59          

        CLASS   SFR60          

        CLASS   SFR61          

        CLASS   SFR62          

        CLASS   SFR63          

        CLASS   CONFIG         
                config                             8007     8007        5         4

        CLASS   IDLOC          

        CLASS   BANK63         

        CLASS   BANK62         

        CLASS   BANK61         

        CLASS   BANK60         

        CLASS   BANK59         

        CLASS   BANK58         

        CLASS   BANK57         

        CLASS   BANK56         

        CLASS   BANK55         

        CLASS   BANK54         

        CLASS   BANK53         

        CLASS   BANK52         

        CLASS   BANK51         

        CLASS   BANK50         

        CLASS   BANK49         

        CLASS   BANK48         

        CLASS   BANK47         

        CLASS   BANK46         

        CLASS   BANK45         

        CLASS   BANK44         

        CLASS   BANK43         

        CLASS   BANK42         

        CLASS   BANK41         

        CLASS   BANK40         

        CLASS   BANK39         

        CLASS   BANK38         

        CLASS   BANK37         

        CLASS   BANK36         

        CLASS   BANK35         

        CLASS   BANK34         

        CLASS   BANK33         

        CLASS   BANK32         

        CLASS   BANK31         

        CLASS   BANK30         

        CLASS   BANK29         

        CLASS   BANK28         

        CLASS   BANK27         

        CLASS   BANK26         

        CLASS   BANK25         

        CLASS   BANK24         

        CLASS   BANK23         

        CLASS   BANK22         

        CLASS   BANK21         

        CLASS   BANK20         

        CLASS   BANK19         

        CLASS   BANK18         

        CLASS   BANK17         

        CLASS   BANK16         

        CLASS   BANK15         

        CLASS   BANK14         

        CLASS   BANK13         

        CLASS   HEAP           

        CLASS   STACK          

        CLASS   EEDATA         



SEGMENTS        Name                           Load    Length   Top    Selector   Space  Class     Delta

                reset_vec                      000000  000004  000004         0       0  CODE        2
                bssBANK0                       000020  000002  000022        20       1  BANK0       1
                cstackCOMMON                   000070  00000E  00007E        70       1  COMMON      1
                text10                         000628  000003  00062B       C50       0  CODE        2
                text4                          00062B  000003  00062E       C56       0  CODE        2
                text9                          00062E  000004  000632       C5C       0  CODE        2
                text20                         000632  000005  000637       C64       0  CODE        2
                text18                         000637  000005  00063C       C6E       0  CODE        2
                text17                         00063C  000005  000641       C78       0  CODE        2
                text12                         000641  000006  000647       C82       0  CODE        2
                text14                         000647  000009  000650       C8E       0  CODE        2
                text7                          000650  000009  000659       CA0       0  CODE        2
                text19                         000659  00000A  000663       CB2       0  CODE        2
                text11                         000663  00000B  00066E       CC6       0  CODE        2
                maintext                       00066E  00000D  00067B       CDC       0  CODE        2
                text1                          00067B  000013  00068E       CF6       0  CODE        2
                text6                          00068E  000016  0006A4       D1C       0  CODE        2
                text15                         0006A4  00001C  0006C0       D48       0  CODE        2
                text3                          0006C0  00001F  0006DF       D80       0  CODE        2
                text16                         0006DF  000020  0006FF       DBE       0  CODE        2
                text13                         0006FF  00002A  000729       DFE       0  CODE        2
                text5                          000729  00002C  000755       E52       0  CODE        2
                text8                          000755  00003A  00078F       EAA       0  CODE        2
                text2                          00078F  000068  0007F7       F1E       0  CODE        2
                cinit                          0007F7  000009  000800       FEE       0  CODE        2
                clb_config                     000800  0000D4  0008D4      1000       0  STRCODE     2


UNUSED ADDRESS RANGES

        Name                Unused          Largest block    Delta
        BANK0            00022-0006F              4E           1
        BANK1            000A0-000EF              50           1
        BANK10           00520-0056F              50           1
        BANK11           005A0-005EF              50           1
        BANK12           00620-0064F              30           1
        BANK2            00120-0016F              50           1
        BANK3            001A0-001EF              50           1
        BANK4            00220-0026F              50           1
        BANK5            002A0-002EF              50           1
        BANK6            00320-0036F              50           1
        BANK7            003A0-003EF              50           1
        BANK8            00420-0046F              50           1
        BANK9            004A0-004EF              50           1
        BIGRAM           02000-023EF             3F0           1
        CODE             00004-00627             624           2
                         008D4-01FFF             800
        CONST            00004-00627             100           2
                         008D4-01FFF             100
        ENTRY            00004-00627             100           2
                         008D4-01FFF             100
        IDLOC            08000-08003               4           2
        RAM              00022-0006F              4E           1
                         000A0-000EF              50
                         00120-0016F              50
                         001A0-001EF              50
                         00220-0026F              50
                         002A0-002EF              50
                         00320-0036F              50
                         003A0-003EF              50
                         00420-0046F              50
                         004A0-004EF              50
                         00520-0056F              50
                         005A0-005EF              50
                         00620-0064F              30
        SFR0             00000-0001F              20           1
        SFR1             00080-0009F              20           1
        SFR10            00500-0051F              20           1
        SFR11            00580-0059F              20           1
        SFR12            00600-0061F              20           1
        SFR13            00680-006EF              70           1
        SFR14            00700-0076F              70           1
        SFR15            00780-007EF              70           1
        SFR16            00800-0086F              70           1
        SFR17            00880-008EF              70           1
        SFR18            00900-0096F              70           1
        SFR19            00980-009EF              70           1
        SFR2             00100-0011F              20           1
        SFR20            00A00-00A6F              70           1
        SFR21            00A80-00AEF              70           1
        SFR22            00B00-00B6F              70           1
        SFR23            00B80-00BEF              70           1
        SFR24            00C00-00C6F              70           1
        SFR25            00C80-00CEF              70           1
        SFR26            00D00-00D6F              70           1
        SFR27            00D80-00DEF              70           1
        SFR28            00E00-00E6F              70           1
        SFR29            00E80-00EEF              70           1
        SFR3             00180-0019F              20           1
        SFR30            00F00-00F6F              70           1
        SFR31            00F80-00FEF              70           1
        SFR32            01000-0106F              70           1
        SFR33            01080-010EF              70           1
        SFR34            01100-0116F              70           1
        SFR35            01180-011EF              70           1
        SFR36            01200-0126F              70           1
        SFR37            01280-012EF              70           1
        SFR38            01300-0136F              70           1
        SFR39            01380-013EF              70           1
        SFR4             00200-0021F              20           1
        SFR40            01400-0146F              70           1
        SFR41            01480-014EF              70           1
        SFR42            01500-0156F              70           1
        SFR43            01580-015EF              70           1
        SFR44            01600-0166F              70           1
        SFR45            01680-016EF              70           1
        SFR46            01700-0176F              70           1
        SFR47            01780-017EF              70           1
        SFR48            01800-0186F              70           1
        SFR49            01880-018EF              70           1
        SFR5             00280-0029F              20           1
        SFR50            01900-0196F              70           1
        SFR51            01980-019EF              70           1
        SFR52            01A00-01A6F              70           1
        SFR53            01A80-01AEF              70           1
        SFR54            01B00-01B6F              70           1
        SFR55            01B80-01BEF              70           1
        SFR56            01C00-01C6F              70           1
        SFR57            01C80-01CEF              70           1
        SFR58            01D00-01D6F              70           1
        SFR59            01D80-01DEF              70           1
        SFR6             00300-0031F              20           1
        SFR60            01E00-01E6F              70           1
        SFR61            01E80-01EEF              70           1
        SFR62            01F00-01F6F              70           1
        SFR63            01F80-01FEF              70           1
        SFR7             00380-0039F              20           1
        SFR8             00400-0041F              20           1
        SFR9             00480-0049F              20           1
        STRCODE          00004-00627             624           2
                         008D4-01FFF            172C
        STRING           00004-00627             100           2
                         008D4-01FFF             100

                                  Symbol Table

?___wmul                                 cstackCOMMON 00070
CLB1_Configure@end_address               cstackCOMMON 00076
CLB1_Configure@start_address             cstackCOMMON 00074
CRC_SetScannerAddressLimit@endAddr       cstackCOMMON 00072
CRC_SetScannerAddressLimit@startAddr     cstackCOMMON 00070
INT_SetInterruptHandler@InterruptHandler cstackCOMMON 00070
SPI1_BufferExchange@bufferData           cstackCOMMON 00070
SPI1_BufferExchange@bufferInput          cstackCOMMON 00076
SPI1_BufferExchange@bufferInputSize      cstackCOMMON 00074
SPI1_BufferExchange@bufferSize           cstackCOMMON 00072
SPI1_Open@spiConfigIndex                 cstackCOMMON 00076
WriteLEDsArray@array                     cstackCOMMON 00079
_ANSELA                                  (abs)        01E8C
_ANSELB                                  (abs)        01E96
_ANSELC                                  (abs)        01EA0
_CLB1_Configure                          text16       006DF
_CLB1_Initialize                         text15       006A4
_CLBCLK                                  (abs)        00515
_CLBCONbits                              (abs)        0050C
_CLBPPSCON1                              (abs)        00519
_CLBPPSCON2                              (abs)        00518
_CLBPPSCON3                              (abs)        00517
_CLBPPSCON4                              (abs)        00516
_CLBSWINH                                (abs)        0050E
_CLBSWINL                                (abs)        00510
_CLBSWINM                                (abs)        0050F
_CLBSWINU                                (abs)        0050D
_CLOCK_Initialize                        text14       00647
_CRCCON0                                 (abs)        01CA5
_CRCCON0bits                             (abs)        01CA5
_CRCCON1                                 (abs)        01CA6
_CRCCON1bits                             (abs)        01CA6
_CRCCON2                                 (abs)        01CA7
_CRCDATAH                                (abs)        01C9E
_CRCDATAL                                (abs)        01C9D
_CRCDATAT                                (abs)        01CA0
_CRCDATAU                                (abs)        01C9F
_CRCOUTH                                 (abs)        01CA2
_CRCOUTL                                 (abs)        01CA1
_CRCOUTT                                 (abs)        01CA4
_CRCOUTU                                 (abs)        01CA3
_CRCXORH                                 (abs)        01CA2
_CRCXORL                                 (abs)        01CA1
_CRCXORT                                 (abs)        01CA4
_CRCXORU                                 (abs)        01CA3
_CRC_Initialize                          text13       006FF
_CRC_IsScannerBusy                       text20       00632
_CRC_SetScannerAddressLimit              text19       00659
_CRC_StartNvmScanner                     text18       00637
_CRC_StopNvmScanner                      text17       0063C
_INLVLA                                  (abs)        01E90
_INLVLB                                  (abs)        01E9A
_INLVLC                                  (abs)        01EA4
_INTCONbits                              (abs)        0000B
_INTERRUPT_Initialize                    text11       00663
_INT_DefaultInterruptHandler             (abs)        00000
_INT_InterruptHandler                    bssBANK0     00020
_INT_SetInterruptHandler                 text12       00641
_IOCAF                                   (abs)        01E93
_IOCAN                                   (abs)        01E92
_IOCAP                                   (abs)        01E91
_IOCBF                                   (abs)        01E9D
_IOCBN                                   (abs)        01E9C
_IOCBP                                   (abs)        01E9B
_IOCCF                                   (abs)        01EA7
_IOCCN                                   (abs)        01EA6
_IOCCP                                   (abs)        01EA5
_LATA                                    (abs)        00018
_LATB                                    (abs)        00019
_LATC                                    (abs)        0001A
_NVMADRH                                 (abs)        01C8D
_NVMADRL                                 (abs)        01C8C
_NVMCON1bits                             (abs)        01C90
_NVMCON2                                 (abs)        01C91
_NVMDATH                                 (abs)        01C8F
_NVMDATL                                 (abs)        01C8E
_NVM_Initialize                          text9        0062E
_NVM_StatusClear                         text10       00628
_ODCONA                                  (abs)        01E8E
_ODCONB                                  (abs)        01E98
_ODCONC                                  (abs)        01EA2
_OSCCON1                                 (abs)        0028D
_OSCCON3                                 (abs)        0028F
_OSCEN                                   (abs)        00291
_OSCFRQ                                  (abs)        00293
_OSCTUNE                                 (abs)        00292
_PIE1bits                                (abs)        00097
_PIE5bits                                (abs)        0009B
_PIE7bits                                (abs)        0009D
_PIN_MANAGER_Initialize                  text8        00755
_PIR0bits                                (abs)        0008C
_PIR1bits                                (abs)        0008D
_PIR5bits                                (abs)        00091
_PIR7bits                                (abs)        00093
_RB6PPS                                  (abs)        01D9A
_RB7PPS                                  (abs)        01D9B
_SCANCON0                                (abs)        01C92
_SCANCON0bits                            (abs)        01C92
_SCANDPSbits                             (abs)        01C99
_SCANHADRH                               (abs)        01C97
_SCANHADRL                               (abs)        01C96
_SCANLADRH                               (abs)        01C94
_SCANLADRL                               (abs)        01C93
_SCANTRIG                                (abs)        01C9A
_SLRCONA                                 (abs)        01E8F
_SLRCONB                                 (abs)        01E99
_SLRCONC                                 (abs)        01EA3
_SPI1_BufferExchange                     text5        00729
_SPI1_BufferRead                         (abs)        00000
_SPI1_BufferWrite                        (abs)        00000
_SPI1_ByteExchange                       (abs)        00000
_SPI1_ByteRead                           (abs)        00000
_SPI1_ByteWrite                          (abs)        00000
_SPI1_Close                              text4        0062B
_SPI1_Deinitialize                       (abs)        00000
_SPI1_Initialize                         text7        00650
_SPI1_IsRxReady                          (abs)        00000
_SPI1_IsTxReady                          (abs)        00000
_SPI1_Open                               text2        0078F
_SSP1ADD                                 (abs)        0078D
_SSP1BUF                                 (abs)        0078C
_SSP1CLKPPS                              (abs)        01E47
_SSP1CON1                                (abs)        00790
_SSP1CON1bits                            (abs)        00790
_SSP1CON3                                (abs)        00792
_SSP1DATPPS                              (abs)        01E48
_SSP1STAT                                (abs)        0078F
_SYSTEM_Initialize                       text6        0068E
_TRISA                                   (abs)        00012
_TRISB                                   (abs)        00013
_TRISC                                   (abs)        00014
_WPUA                                    (abs)        01E8D
_WPUB                                    (abs)        01E97
_WPUC                                    (abs)        01EA1
_WriteLEDsArray                          text1        0067B
__H__absolute__                          __absolute__ 00000
__Habs1                                  abs1         00000
__Hbank0                                 bank0        00000
__Hbank1                                 bank1        00000
__Hbank10                                bank10       00000
__Hbank11                                bank11       00000
__Hbank12                                bank12       00000
__Hbank13                                bank13       00000
__Hbank14                                bank14       00000
__Hbank15                                bank15       00000
__Hbank16                                bank16       00000
__Hbank17                                bank17       00000
__Hbank18                                bank18       00000
__Hbank19                                bank19       00000
__Hbank2                                 bank2        00000
__Hbank20                                bank20       00000
__Hbank21                                bank21       00000
__Hbank22                                bank22       00000
__Hbank23                                bank23       00000
__Hbank24                                bank24       00000
__Hbank25                                bank25       00000
__Hbank26                                bank26       00000
__Hbank27                                bank27       00000
__Hbank28                                bank28       00000
__Hbank29                                bank29       00000
__Hbank3                                 bank3        00000
__Hbank30                                bank30       00000
__Hbank31                                bank31       00000
__Hbank32                                bank32       00000
__Hbank33                                bank33       00000
__Hbank34                                bank34       00000
__Hbank35                                bank35       00000
__Hbank36                                bank36       00000
__Hbank37                                bank37       00000
__Hbank38                                bank38       00000
__Hbank39                                bank39       00000
__Hbank4                                 bank4        00000
__Hbank40                                bank40       00000
__Hbank41                                bank41       00000
__Hbank42                                bank42       00000
__Hbank43                                bank43       00000
__Hbank44                                bank44       00000
__Hbank45                                bank45       00000
__Hbank46                                bank46       00000
__Hbank47                                bank47       00000
__Hbank48                                bank48       00000
__Hbank49                                bank49       00000
__Hbank5                                 bank5        00000
__Hbank50                                bank50       00000
__Hbank51                                bank51       00000
__Hbank52                                bank52       00000
__Hbank53                                bank53       00000
__Hbank54                                bank54       00000
__Hbank55                                bank55       00000
__Hbank56                                bank56       00000
__Hbank57                                bank57       00000
__Hbank58                                bank58       00000
__Hbank59                                bank59       00000
__Hbank6                                 bank6        00000
__Hbank60                                bank60       00000
__Hbank61                                bank61       00000
__Hbank62                                bank62       00000
__Hbank63                                bank63       00000
__Hbank7                                 bank7        00000
__Hbank8                                 bank8        00000
__Hbank9                                 bank9        00000
__Hbigram                                bigram       00000
__HbssBANK0                              bssBANK0     00000
__HbssCOMMON                             bssCOMMON    00000
__Hcinit                                 cinit        00800
__Hclb_config                            clb_config   00000
__Hclrtext                               clrtext      00000
__Hcode                                  code         00000
__Hcommon                                common       00000
__Hconfig                                config       0800C
__HcstackCOMMON                          cstackCOMMON 00000
__Heeprom_data                           eeprom_data  00000
__Hend_init                              end_init     00004
__Hfunctab                               functab      00000
__Hheap                                  heap         00000
__Hinit                                  init         00002
__Hintentry                              intentry     00002
__Hmaintext                              maintext     00000
__Hpa_nodes0                             pa_nodes0    00000
__Hpowerup                               powerup      00000
__Hram                                   ram          00000
__Hreset_vec                             reset_vec    00002
__Hsfr0                                  sfr0         00000
__Hsfr1                                  sfr1         00000
__Hsfr10                                 sfr10        00000
__Hsfr11                                 sfr11        00000
__Hsfr12                                 sfr12        00000
__Hsfr13                                 sfr13        00000
__Hsfr14                                 sfr14        00000
__Hsfr15                                 sfr15        00000
__Hsfr16                                 sfr16        00000
__Hsfr17                                 sfr17        00000
__Hsfr18                                 sfr18        00000
__Hsfr19                                 sfr19        00000
__Hsfr2                                  sfr2         00000
__Hsfr20                                 sfr20        00000
__Hsfr21                                 sfr21        00000
__Hsfr22                                 sfr22        00000
__Hsfr23                                 sfr23        00000
__Hsfr24                                 sfr24        00000
__Hsfr25                                 sfr25        00000
__Hsfr26                                 sfr26        00000
__Hsfr27                                 sfr27        00000
__Hsfr28                                 sfr28        00000
__Hsfr29                                 sfr29        00000
__Hsfr3                                  sfr3         00000
__Hsfr30                                 sfr30        00000
__Hsfr31                                 sfr31        00000
__Hsfr32                                 sfr32        00000
__Hsfr33                                 sfr33        00000
__Hsfr34                                 sfr34        00000
__Hsfr35                                 sfr35        00000
__Hsfr36                                 sfr36        00000
__Hsfr37                                 sfr37        00000
__Hsfr38                                 sfr38        00000
__Hsfr39                                 sfr39        00000
__Hsfr4                                  sfr4         00000
__Hsfr40                                 sfr40        00000
__Hsfr41                                 sfr41        00000
__Hsfr42                                 sfr42        00000
__Hsfr43                                 sfr43        00000
__Hsfr44                                 sfr44        00000
__Hsfr45                                 sfr45        00000
__Hsfr46                                 sfr46        00000
__Hsfr47                                 sfr47        00000
__Hsfr48                                 sfr48        00000
__Hsfr49                                 sfr49        00000
__Hsfr5                                  sfr5         00000
__Hsfr50                                 sfr50        00000
__Hsfr51                                 sfr51        00000
__Hsfr52                                 sfr52        00000
__Hsfr53                                 sfr53        00000
__Hsfr54                                 sfr54        00000
__Hsfr55                                 sfr55        00000
__Hsfr56                                 sfr56        00000
__Hsfr57                                 sfr57        00000
__Hsfr58                                 sfr58        00000
__Hsfr59                                 sfr59        00000
__Hsfr6                                  sfr6         00000
__Hsfr60                                 sfr60        00000
__Hsfr61                                 sfr61        00000
__Hsfr62                                 sfr62        00000
__Hsfr63                                 sfr63        00000
__Hsfr7                                  sfr7         00000
__Hsfr8                                  sfr8         00000
__Hsfr9                                  sfr9         00000
__Hsivt                                  sivt         00002
__Hspace_0                               (abs)        008D4
__Hspace_1                               (abs)        0007E
__Hspace_2                               (abs)        00000
__Hspace_3                               (abs)        00000
__Hspace_4                               (abs)        10013
__Hstack                                 stack        00000
__Hstrings                               strings      00000
__Hstringtext1                           stringtext1  00000
__Hstringtext2                           stringtext2  00000
__Hstringtext3                           stringtext3  00000
__Htext                                  text         00000
__L__absolute__                          __absolute__ 00000
__Labs1                                  abs1         00000
__Lbank0                                 bank0        00000
__Lbank1                                 bank1        00000
__Lbank10                                bank10       00000
__Lbank11                                bank11       00000
__Lbank12                                bank12       00000
__Lbank13                                bank13       00000
__Lbank14                                bank14       00000
__Lbank15                                bank15       00000
__Lbank16                                bank16       00000
__Lbank17                                bank17       00000
__Lbank18                                bank18       00000
__Lbank19                                bank19       00000
__Lbank2                                 bank2        00000
__Lbank20                                bank20       00000
__Lbank21                                bank21       00000
__Lbank22                                bank22       00000
__Lbank23                                bank23       00000
__Lbank24                                bank24       00000
__Lbank25                                bank25       00000
__Lbank26                                bank26       00000
__Lbank27                                bank27       00000
__Lbank28                                bank28       00000
__Lbank29                                bank29       00000
__Lbank3                                 bank3        00000
__Lbank30                                bank30       00000
__Lbank31                                bank31       00000
__Lbank32                                bank32       00000
__Lbank33                                bank33       00000
__Lbank34                                bank34       00000
__Lbank35                                bank35       00000
__Lbank36                                bank36       00000
__Lbank37                                bank37       00000
__Lbank38                                bank38       00000
__Lbank39                                bank39       00000
__Lbank4                                 bank4        00000
__Lbank40                                bank40       00000
__Lbank41                                bank41       00000
__Lbank42                                bank42       00000
__Lbank43                                bank43       00000
__Lbank44                                bank44       00000
__Lbank45                                bank45       00000
__Lbank46                                bank46       00000
__Lbank47                                bank47       00000
__Lbank48                                bank48       00000
__Lbank49                                bank49       00000
__Lbank5                                 bank5        00000
__Lbank50                                bank50       00000
__Lbank51                                bank51       00000
__Lbank52                                bank52       00000
__Lbank53                                bank53       00000
__Lbank54                                bank54       00000
__Lbank55                                bank55       00000
__Lbank56                                bank56       00000
__Lbank57                                bank57       00000
__Lbank58                                bank58       00000
__Lbank59                                bank59       00000
__Lbank6                                 bank6        00000
__Lbank60                                bank60       00000
__Lbank61                                bank61       00000
__Lbank62                                bank62       00000
__Lbank63                                bank63       00000
__Lbank7                                 bank7        00000
__Lbank8                                 bank8        00000
__Lbank9                                 bank9        00000
__Lbigram                                bigram       00000
__LbssBANK0                              bssBANK0     00000
__LbssCOMMON                             bssCOMMON    00000
__Lcinit                                 cinit        007F7
__Lclb_config                            clb_config   00000
__Lclrtext                               clrtext      00000
__Lcode                                  code         00000
__Lcommon                                common       00000
__Lconfig                                config       00000
__LcstackCOMMON                          cstackCOMMON 00000
__Leeprom_data                           eeprom_data  00000
__Lend_init                              end_init     00002
__Lfunctab                               functab      00000
__Lheap                                  heap         00000
__Linit                                  init         00002
__Lintentry                              intentry     00002
__Lmaintext                              maintext     00000
__Lpa_nodes0                             pa_nodes0    00000
__Lpowerup                               powerup      00000
__Lram                                   ram          00000
__Lreset_vec                             reset_vec    00000
__Lsfr0                                  sfr0         00000
__Lsfr1                                  sfr1         00000
__Lsfr10                                 sfr10        00000
__Lsfr11                                 sfr11        00000
__Lsfr12                                 sfr12        00000
__Lsfr13                                 sfr13        00000
__Lsfr14                                 sfr14        00000
__Lsfr15                                 sfr15        00000
__Lsfr16                                 sfr16        00000
__Lsfr17                                 sfr17        00000
__Lsfr18                                 sfr18        00000
__Lsfr19                                 sfr19        00000
__Lsfr2                                  sfr2         00000
__Lsfr20                                 sfr20        00000
__Lsfr21                                 sfr21        00000
__Lsfr22                                 sfr22        00000
__Lsfr23                                 sfr23        00000
__Lsfr24                                 sfr24        00000
__Lsfr25                                 sfr25        00000
__Lsfr26                                 sfr26        00000
__Lsfr27                                 sfr27        00000
__Lsfr28                                 sfr28        00000
__Lsfr29                                 sfr29        00000
__Lsfr3                                  sfr3         00000
__Lsfr30                                 sfr30        00000
__Lsfr31                                 sfr31        00000
__Lsfr32                                 sfr32        00000
__Lsfr33                                 sfr33        00000
__Lsfr34                                 sfr34        00000
__Lsfr35                                 sfr35        00000
__Lsfr36                                 sfr36        00000
__Lsfr37                                 sfr37        00000
__Lsfr38                                 sfr38        00000
__Lsfr39                                 sfr39        00000
__Lsfr4                                  sfr4         00000
__Lsfr40                                 sfr40        00000
__Lsfr41                                 sfr41        00000
__Lsfr42                                 sfr42        00000
__Lsfr43                                 sfr43        00000
__Lsfr44                                 sfr44        00000
__Lsfr45                                 sfr45        00000
__Lsfr46                                 sfr46        00000
__Lsfr47                                 sfr47        00000
__Lsfr48                                 sfr48        00000
__Lsfr49                                 sfr49        00000
__Lsfr5                                  sfr5         00000
__Lsfr50                                 sfr50        00000
__Lsfr51                                 sfr51        00000
__Lsfr52                                 sfr52        00000
__Lsfr53                                 sfr53        00000
__Lsfr54                                 sfr54        00000
__Lsfr55                                 sfr55        00000
__Lsfr56                                 sfr56        00000
__Lsfr57                                 sfr57        00000
__Lsfr58                                 sfr58        00000
__Lsfr59                                 sfr59        00000
__Lsfr6                                  sfr6         00000
__Lsfr60                                 sfr60        00000
__Lsfr61                                 sfr61        00000
__Lsfr62                                 sfr62        00000
__Lsfr63                                 sfr63        00000
__Lsfr7                                  sfr7         00000
__Lsfr8                                  sfr8         00000
__Lsfr9                                  sfr9         00000
__Lsivt                                  sivt         00002
__Lspace_0                               (abs)        00000
__Lspace_1                               (abs)        00000
__Lspace_2                               (abs)        00000
__Lspace_3                               (abs)        00000
__Lspace_4                               (abs)        00000
__Lstack                                 stack        00000
__Lstrings                               strings      00000
__Lstringtext1                           stringtext1  00000
__Lstringtext2                           stringtext2  00000
__Lstringtext3                           stringtext3  00000
__Ltext                                  text         00000
__S0                                     (abs)        008D4
__S1                                     (abs)        0007E
___heap_hi                               (abs)        00000
___heap_lo                               (abs)        00000
___int_sp                                stack        00000
___int_stack_hi                          stack        00000
___int_stack_lo                          stack        00000
___latbits                               (abs)        00002
___sp                                    stack        00000
___stack_hi                              stack        00000
___stack_lo                              stack        00000
___stackhi                               (abs)        00000
___stacklo                               (abs)        00000
___wmul                                  text3        006C0
___wmul@multiplicand                     cstackCOMMON 00072
___wmul@multiplier                       cstackCOMMON 00070
___wmul@product                          cstackCOMMON 00074
__end_of_CLB1_Configure                  text16       006FF
__end_of_CLB1_Initialize                 text15       006C0
__end_of_CLOCK_Initialize                text14       00650
__end_of_CRC_Initialize                  text13       00729
__end_of_CRC_IsScannerBusy               text20       00637
__end_of_CRC_SetScannerAddressLimit      text19       00663
__end_of_CRC_StartNvmScanner             text18       0063C
__end_of_CRC_StopNvmScanner              text17       00641
__end_of_INTERRUPT_Initialize            text11       0066E
__end_of_INT_SetInterruptHandler         text12       00647
__end_of_NVM_Initialize                  text9        00632
__end_of_NVM_StatusClear                 text10       0062B
__end_of_PIN_MANAGER_Initialize          text8        0078F
__end_of_SPI1_BufferExchange             text5        00755
__end_of_SPI1_Close                      text4        0062E
__end_of_SPI1_Host                       stringtext1  008CA
__end_of_SPI1_Initialize                 text7        00659
__end_of_SPI1_Open                       text2        007F7
__end_of_SYSTEM_Initialize               text6        006A4
__end_of_WriteLEDsArray                  text1        0068E
__end_of___wmul                          text3        006DF
__end_of__initialization                 cinit        007FD
__end_of_colors                          stringtext3  008AE
__end_of_main                            maintext     0067B
__end_of_spi1_configuration              stringtext2  008D4
__initialization                         cinit        007F7
__pbssBANK0                              bssBANK0     00020
__pbssCOMMON                             bssCOMMON    0007B
__pcstackCOMMON                          cstackCOMMON 00070
__pmaintext                              maintext     0066E
__pstringtext1                           stringtext1  008AE
__pstringtext2                           stringtext2  008CA
__pstringtext3                           stringtext3  00866
__ptext1                                 text1        0067B
__ptext10                                text10       00628
__ptext11                                text11       00663
__ptext12                                text12       00641
__ptext13                                text13       006FF
__ptext14                                text14       00647
__ptext15                                text15       006A4
__ptext16                                text16       006DF
__ptext17                                text17       0063C
__ptext18                                text18       00637
__ptext19                                text19       00659
__ptext2                                 text2        0078F
__ptext20                                text20       00632
__ptext3                                 text3        006C0
__ptext4                                 text4        0062B
__ptext5                                 text5        00729
__ptext6                                 text6        0068E
__ptext7                                 text7        00650
__ptext8                                 text8        00755
__ptext9                                 text9        0062E
_colors                                  stringtext3  00866
_end_clb_config                          clb_config   00866
_main                                    maintext     0066E
_spi1_configuration                      stringtext2  008CA
_start_clb_config                        clb_config   00800
_unlockKeyHigh                           bssCOMMON    0007C
_unlockKeyLow                            bssCOMMON    0007D
btemp                                    (abs)        0007E
btemp0                                   (abs)        0007E
btemp1                                   (abs)        0007F
end_of_initialization                    cinit        007FD
intlevel0                                functab      00000
intlevel1                                functab      00000
intlevel2                                functab      00000
intlevel3                                functab      00000
intlevel4                                functab      00000
intlevel5                                functab      00000
ltemp0a                                  (abs)        00080
reset_vec                                reset_vec    00000
start                                    init         00002
start_initialization                     cinit        007F7
ttemp0a                                  (abs)        0007F
wtemp0                                   (abs)        0007E
wtemp0a                                  (abs)        0007F


MODULE INFORMATION

Module		Function		Class		Link	Load	Size
mcc_generated_files/clb/src/clb1.c
		_CLB1_Initialize		CODE           	06A4	0000	28
		_CLB1_Configure		CODE           	06DF	0000	32

mcc_generated_files/clb/src/clb1.c estimated size: 60

mcc_generated_files/spi/src/mssp1.c
		_SPI1_BufferExchange		CODE           	0729	0000	44
		_SPI1_Open     		CODE           	078F	0000	104
		_SPI1_Initialize		CODE           	0650	0000	9
		_SPI1_Close    		CODE           	062B	0000	3

mcc_generated_files/spi/src/mssp1.c estimated size: 160

mcc_generated_files/crc/src/crc.c
		_CRC_IsScannerBusy		CODE           	0632	0000	5
		_CRC_SetScannerAddressLimit		CODE           	0659	0000	10
		_CRC_Initialize		CODE           	06FF	0000	42
		_CRC_StopNvmScanner		CODE           	063C	0000	5
		_CRC_StartNvmScanner		CODE           	0637	0000	5

mcc_generated_files/crc/src/crc.c estimated size: 67

mcc_generated_files/system/src/interrupt.c
		_INT_SetInterruptHandler		CODE           	0641	0000	6
		_INTERRUPT_Initialize		CODE           	0663	0000	11

mcc_generated_files/system/src/interrupt.c estimated size: 17

mcc_generated_files/nvm/src/nvm.c
		_NVM_Initialize		CODE           	062E	0000	4
		_NVM_StatusClear		CODE           	0628	0000	3

mcc_generated_files/nvm/src/nvm.c estimated size: 7

mcc_generated_files/system/src/pins.c
		_PIN_MANAGER_Initialize		CODE           	0755	0000	58

mcc_generated_files/system/src/pins.c estimated size: 58

shared
		__initialization		CODE           	07F7	0000	6
		_SPI1_Host     		STRCODE        	0000	0000	0
		_colors        		STRCODE        	0866	0000	72
		_spi1_configuration		STRCODE        	08CA	0000	10

shared estimated size: 88

mcc_generated_files/system/src/clock.c
		_CLOCK_Initialize		CODE           	0647	0000	9

mcc_generated_files/system/src/clock.c estimated size: 9

main.c
		_WriteLEDsArray		CODE           	067B	0000	19
		_main          		CODE           	066E	0000	13

main.c estimated size: 32

mcc_generated_files/system/src/system.c
		_SYSTEM_Initialize		CODE           	068E	0000	22

mcc_generated_files/system/src/system.c estimated size: 22

C:\Program Files\Microchip\xc8\v3.10\pic\sources\c99\common\Umul16.c
		___wmul        		CODE           	06C0	0000	31

C:\Program Files\Microchip\xc8\v3.10\pic\sources\c99\common\Umul16.c estimated size: 31

